// Jest Snapshot v1, https://goo.gl/fbAQLP

exports[`Cell renders correctly 1`] = `
<div
  className="sc-AxjAm bbaRbW"
  color="#262626"
  data-cy=""
  id="A1"
  onClick={[Function]}
/>
`;
